// Jest Snapshot v1, https://goo.gl/fbAQLP

exports[`userConfig.ts loadConfig() 1`] = `
Object {
  "config": false,
  "customRules": Array [],
  "fix": false,
  "ignoreScripts": Array [
    "foobar",
  ],
  "json": true,
  "packageFile": undefined,
  "rules": Object {
    "mandatory-dev": false,
  },
  "strict": true,
}
`;

exports[`userConfig.ts should sanitize configs: invalid keys 1`] = `"unknown config key \\"invalid\\""`;
